// Jest Snapshot v1, https://goo.gl/fbAQLP

exports[`AddTaskForm renders correctly 1`] = `
<div
  aria-hidden="true"
  data-focus-id="mantine-inko58k0j"
/>
`;
