// Jest Snapshot v1, https://goo.gl/fbAQLP

exports[`AddTaskForm renders correctly 1`] = `""`;
