// Jest Snapshot v1, https://goo.gl/fbAQLP

exports[`RemoveCompletedConfirmModal renders correctly 1`] = `""`;
