// Jest Snapshot v1, https://goo.gl/fbAQLP

exports[`FilterByCompletedStatus calls setFilter with value 'active' when clicked on Active tab 1`] = `"<div class="mantine-Tabs-root mantine-o79pz9"><div class="mantine-Tabs-tabsList mantine-1dphvmd" role="tablist" aria-orientation="vertical"><button class="mantine-UnstyledButton-root mantine-Tabs-tab mantine-1l1luj0" type="button" role="tab" id="mantine-mockedId-tab-all" aria-selected="false" tabindex="-1"><span class="mantine-480qv8 mantine-Tabs-tabLabel">All</span></button><button class="mantine-UnstyledButton-root mantine-Tabs-tab mantine-1l1luj0" type="button" role="tab" id="mantine-mockedId-tab-active" aria-selected="true" tabindex="0" data-active="true"><span class="mantine-480qv8 mantine-Tabs-tabLabel">Active</span></button><button class="mantine-UnstyledButton-root mantine-Tabs-tab mantine-1l1luj0" type="button" role="tab" id="mantine-mockedId-tab-completed" aria-selected="false" tabindex="-1"><span class="mantine-480qv8 mantine-Tabs-tabLabel">Completed</span></button></div></div>"`;

exports[`FilterByCompletedStatus calls setFilter with value 'all' when clicked on All tab 1`] = `"<div class="mantine-Tabs-root mantine-o79pz9"><div class="mantine-Tabs-tabsList mantine-1dphvmd" role="tablist" aria-orientation="vertical"><button class="mantine-UnstyledButton-root mantine-Tabs-tab mantine-1l1luj0" type="button" data-active="true" role="tab" id="mantine-mockedId-tab-all" aria-selected="true" tabindex="0"><span class="mantine-480qv8 mantine-Tabs-tabLabel">All</span></button><button class="mantine-UnstyledButton-root mantine-Tabs-tab mantine-1l1luj0" type="button" role="tab" id="mantine-mockedId-tab-active" aria-selected="false" tabindex="-1"><span class="mantine-480qv8 mantine-Tabs-tabLabel">Active</span></button><button class="mantine-UnstyledButton-root mantine-Tabs-tab mantine-1l1luj0" type="button" role="tab" id="mantine-mockedId-tab-completed" aria-selected="false" tabindex="-1"><span class="mantine-480qv8 mantine-Tabs-tabLabel">Completed</span></button></div></div>"`;

exports[`FilterByCompletedStatus calls setFilter with value 'completed' when clicked on Completed tab 1`] = `"<div class="mantine-Tabs-root mantine-o79pz9"><div class="mantine-Tabs-tabsList mantine-1dphvmd" role="tablist" aria-orientation="vertical"><button class="mantine-UnstyledButton-root mantine-Tabs-tab mantine-1l1luj0" type="button" role="tab" id="mantine-mockedId-tab-all" aria-selected="false" tabindex="-1"><span class="mantine-480qv8 mantine-Tabs-tabLabel">All</span></button><button class="mantine-UnstyledButton-root mantine-Tabs-tab mantine-1l1luj0" type="button" role="tab" id="mantine-mockedId-tab-active" aria-selected="false" tabindex="-1"><span class="mantine-480qv8 mantine-Tabs-tabLabel">Active</span></button><button class="mantine-UnstyledButton-root mantine-Tabs-tab mantine-1l1luj0" type="button" role="tab" id="mantine-mockedId-tab-completed" aria-selected="true" tabindex="0" data-active="true"><span class="mantine-480qv8 mantine-Tabs-tabLabel">Completed</span></button></div></div>"`;

exports[`FilterByCompletedStatus renders correctly 1`] = `"<div class="mantine-Tabs-root mantine-o79pz9"><div class="mantine-Tabs-tabsList mantine-1dphvmd" role="tablist" aria-orientation="vertical"><button class="mantine-UnstyledButton-root mantine-Tabs-tab mantine-1l1luj0" type="button" data-active="true" role="tab" id="mantine-mockedId-tab-all" aria-selected="true" tabindex="0"><span class="mantine-480qv8 mantine-Tabs-tabLabel">All</span></button><button class="mantine-UnstyledButton-root mantine-Tabs-tab mantine-1l1luj0" type="button" role="tab" id="mantine-mockedId-tab-active" aria-selected="false" tabindex="-1"><span class="mantine-480qv8 mantine-Tabs-tabLabel">Active</span></button><button class="mantine-UnstyledButton-root mantine-Tabs-tab mantine-1l1luj0" type="button" role="tab" id="mantine-mockedId-tab-completed" aria-selected="false" tabindex="-1"><span class="mantine-480qv8 mantine-Tabs-tabLabel">Completed</span></button></div></div>"`;
